// Jest Snapshot v1, https://goo.gl/fbAQLP

exports[`[SignIn] render renders without crashing 1`] = `
<div
  className="sc-EHOje esHauf"
>
  <div
    className="sc-bZQynM cndpHV"
  >
    Whatssub Admin
  </div>
  <form
    className="sc-bdVaJa bPGLpq"
    onSubmit={[Function]}
  >
    <label
      className="sc-bwzfXH jYEUDA"
    >
      Email:
      <input
        className="sc-htpNat cymWMm"
        data-testid="email"
        name="email"
        onBlur={[Function]}
        onChange={[Function]}
        type="email"
        value=""
      />
    </label>
    <label
      className="sc-bwzfXH jYEUDA"
    >
      Password:
      <input
        className="sc-htpNat cymWMm"
        data-testid="password"
        name="password"
        onBlur={[Function]}
        onChange={[Function]}
        type="password"
        value=""
      />
    </label>
    <button
      className="sc-bxivhb hFrwfb"
      data-testid="submit"
      disabled={false}
      type="submit"
    >
      Login
    </button>
  </form>
</div>
`;
